src/modules/dapodik/dapodik.service.ts(588,11): error TS2353: Object literal may only specify known properties, and 'nama_rombel' does not exist in type 'PesertaDidikSelect<DefaultArgs>'.
src/modules/dapodik/dapodik.service.ts(675,12): error TS2339: Property 'dusun' does not exist on type '{ rombongan_belajar: { sekolah_id: string; nama: string; kebutuhan_khusus_id: number; create_date: Date; last_update: Date; soft_delete: Decimal; last_sync: Date; ... 12 more ...; tanggal_selesai: Date; }; } & { ...; }'.
src/modules/dapodik/dapodik.service.ts(675,32): error TS2339: Property 'dusun' does not exist on type '{ rombongan_belajar: { sekolah_id: string; nama: string; kebutuhan_khusus_id: number; create_date: Date; last_update: Date; soft_delete: Decimal; last_sync: Date; ... 12 more ...; tanggal_selesai: Date; }; } & { ...; }'.
src/modules/dapodik/dapodik.service.ts(677,12): error TS2339: Property 'kecamatan' does not exist on type '{ rombongan_belajar: { sekolah_id: string; nama: string; kebutuhan_khusus_id: number; create_date: Date; last_update: Date; soft_delete: Decimal; last_sync: Date; ... 12 more ...; tanggal_selesai: Date; }; } & { ...; }'.
src/modules/dapodik/dapodik.service.ts(677,35): error TS2339: Property 'kecamatan' does not exist on type '{ rombongan_belajar: { sekolah_id: string; nama: string; kebutuhan_khusus_id: number; create_date: Date; last_update: Date; soft_delete: Decimal; last_sync: Date; ... 12 more ...; tanggal_selesai: Date; }; } & { ...; }'.
src/modules/dapodik/dapodik.service.ts(678,12): error TS2339: Property 'kabupaten_kota' does not exist on type '{ rombongan_belajar: { sekolah_id: string; nama: string; kebutuhan_khusus_id: number; create_date: Date; last_update: Date; soft_delete: Decimal; last_sync: Date; ... 12 more ...; tanggal_selesai: Date; }; } & { ...; }'.
src/modules/dapodik/dapodik.service.ts(679,12): error TS2339: Property 'provinsi' does not exist on type '{ rombongan_belajar: { sekolah_id: string; nama: string; kebutuhan_khusus_id: number; create_date: Date; last_update: Date; soft_delete: Decimal; last_sync: Date; ... 12 more ...; tanggal_selesai: Date; }; } & { ...; }'.
src/modules/dapodik/dapodik.service.ts(685,29): error TS2339: Property 'no_wa_ayah' does not exist on type '{ rombongan_belajar: { sekolah_id: string; nama: string; kebutuhan_khusus_id: number; create_date: Date; last_update: Date; soft_delete: Decimal; last_sync: Date; ... 12 more ...; tanggal_selesai: Date; }; } & { ...; }'.
src/modules/dapodik/dapodik.service.ts(685,46): error TS2339: Property 'no_wa_ibu' does not exist on type '{ rombongan_belajar: { sekolah_id: string; nama: string; kebutuhan_khusus_id: number; create_date: Date; last_update: Date; soft_delete: Decimal; last_sync: Date; ... 12 more ...; tanggal_selesai: Date; }; } & { ...; }'.
src/modules/dapodik/dapodik.service.ts(685,62): error TS2339: Property 'no_wa' does not exist on type '{ rombongan_belajar: { sekolah_id: string; nama: string; kebutuhan_khusus_id: number; create_date: Date; last_update: Date; soft_delete: Decimal; last_sync: Date; ... 12 more ...; tanggal_selesai: Date; }; } & { ...; }'.
src/modules/dapodik/dapodik.service.ts(696,21): error TS2551: Property 'agama_id_str' does not exist on type '{ rombongan_belajar: { sekolah_id: string; nama: string; kebutuhan_khusus_id: number; create_date: Date; last_update: Date; soft_delete: Decimal; last_sync: Date; ... 12 more ...; tanggal_selesai: Date; }; } & { ...; }'. Did you mean 'agama_id'?
src/modules/dapodik/dapodik.service.ts(699,27): error TS2339: Property 'nama_rombel' does not exist on type '{ rombongan_belajar: { sekolah_id: string; nama: string; kebutuhan_khusus_id: number; create_date: Date; last_update: Date; soft_delete: Decimal; last_sync: Date; ... 12 more ...; tanggal_selesai: Date; }; } & { ...; }'.
src/modules/dapodik/dapodik.service.ts(700,82): error TS2339: Property 'tingkat_pendidikan_id' does not exist on type '{ rombongan_belajar: { sekolah_id: string; nama: string; kebutuhan_khusus_id: number; create_date: Date; last_update: Date; soft_delete: Decimal; last_sync: Date; ... 12 more ...; tanggal_selesai: Date; }; } & { ...; }'.
src/modules/dapodik/dapodik.service.ts(706,24): error TS2339: Property 'nama_ibu' does not exist on type '{ rombongan_belajar: { sekolah_id: string; nama: string; kebutuhan_khusus_id: number; create_date: Date; last_update: Date; soft_delete: Decimal; last_sync: Date; ... 12 more ...; tanggal_selesai: Date; }; } & { ...; }'.
src/modules/dapodik/dapodik.service.ts(736,9): error TS2353: Object literal may only specify known properties, and 'nama_rombel' does not exist in type 'PesertaDidikSelect<DefaultArgs>'.
src/modules/dapodik/dapodik.service.ts(750,14): error TS2339: Property 'nama_rombel' does not exist on type '{ sekolah_id: string; nama: string; alamat_jalan: string; rt: Decimal; rw: Decimal; nama_dusun: string; desa_kelurahan: string; kode_wilayah: string; kode_pos: string; lintang: Decimal; ... 76 more ...; telegram_token: string; }'.
src/modules/dapodik/dapodik.service.ts(751,16): error TS2339: Property 'nama_rombel' does not exist on type '{ sekolah_id: string; nama: string; alamat_jalan: string; rt: Decimal; rw: Decimal; nama_dusun: string; desa_kelurahan: string; kode_wilayah: string; kode_pos: string; lintang: Decimal; ... 76 more ...; telegram_token: string; }'.
src/modules/dapodik/dapodik.service.ts(752,21): error TS2339: Property 'nama_rombel' does not exist on type '{ sekolah_id: string; nama: string; alamat_jalan: string; rt: Decimal; rw: Decimal; nama_dusun: string; desa_kelurahan: string; kode_wilayah: string; kode_pos: string; lintang: Decimal; ... 76 more ...; telegram_token: string; }'.
src/modules/dapodik/dapodik.service.ts(753,21): error TS2339: Property 'nama_rombel' does not exist on type '{ sekolah_id: string; nama: string; alamat_jalan: string; rt: Decimal; rw: Decimal; nama_dusun: string; desa_kelurahan: string; kode_wilayah: string; kode_pos: string; lintang: Decimal; ... 76 more ...; telegram_token: string; }'.
src/modules/dapodik/dapodik.service.ts(764,22): error TS2551: Property 'jenis_pendaftaran_id_str' does not exist on type '{ sekolah_id: string; nama: string; alamat_jalan: string; rt: Decimal; rw: Decimal; nama_dusun: string; desa_kelurahan: string; kode_wilayah: string; kode_pos: string; lintang: Decimal; ... 76 more ...; telegram_token: string; }'. Did you mean 'jenis_pendaftaran_id'?
src/modules/dapodik/dapodik.service.ts(802,9): error TS2353: Object literal may only specify known properties, and 'nama_rombel' does not exist in type 'PesertaDidikWhereInput'.
src/modules/dapodik/dapodik.service.ts(805,9): error TS2353: Object literal may only specify known properties, and 'nama_rombel' does not exist in type 'PesertaDidikSelect<DefaultArgs>'.
src/modules/dapodik/dapodik.service.ts(813,25): error TS2339: Property 'nama_rombel' does not exist on type '{ sekolah_id: string; nama: string; alamat_jalan: string; rt: Decimal; rw: Decimal; nama_dusun: string; desa_kelurahan: string; kode_wilayah: string; kode_pos: string; lintang: Decimal; ... 76 more ...; telegram_token: string; }'.
src/modules/dapodik/dapodik.service.ts(870,9): error TS2353: Object literal may only specify known properties, and 'tingkat_pendidikan_id' does not exist in type 'PesertaDidikSelect<DefaultArgs>'.
src/modules/indisipliner/indisipliner.service.ts(86,13): error TS2353: Object literal may only specify known properties, and 'nama_rombel' does not exist in type 'PesertaDidikSelect<DefaultArgs>'.
src/modules/indisipliner/indisipliner.service.ts(122,16): error TS2339: Property 'gtk' does not exist on type '{ sekolah_id: string; created_at: Date; updated_at: Date; ptk_id: string; peserta_didik_id: string; status: number; keterangan: string; tanggal: Date; poin: number; jenis_pelanggaran_id: string; waktu: Date; pelapor_ptk_id: string; pelanggaran_id: string; }'.
src/modules/indisipliner/indisipliner.service.ts(123,48): error TS2339: Property 'gtk' does not exist on type '{ sekolah_id: string; created_at: Date; updated_at: Date; ptk_id: string; peserta_didik_id: string; status: number; keterangan: string; tanggal: Date; poin: number; jenis_pelanggaran_id: string; waktu: Date; pelapor_ptk_id: string; pelanggaran_id: string; }'.
src/modules/indisipliner/indisipliner.service.ts(281,45): error TS2353: Object literal may only specify known properties, and 'nama_rombel' does not exist in type 'PesertaDidikSelect<DefaultArgs>'.
src/modules/indisipliner/indisipliner.service.ts(288,34): error TS2339: Property 'nama_rombel' does not exist on type '{ sekolah_id: string; nama: string; alamat_jalan: string; rt: Decimal; rw: Decimal; nama_dusun: string; desa_kelurahan: string; kode_wilayah: string; kode_pos: string; lintang: Decimal; ... 76 more ...; telegram_token: string; }'.
src/modules/mandala/mandala.service.ts(796,12): error TS2339: Property 'dusun' does not exist on type '{ rombongan_belajar: { sekolah_id: string; nama: string; kebutuhan_khusus_id: number; create_date: Date; last_update: Date; soft_delete: Decimal; last_sync: Date; ... 12 more ...; tanggal_selesai: Date; }; } & { ...; }'.
src/modules/mandala/mandala.service.ts(796,32): error TS2339: Property 'dusun' does not exist on type '{ rombongan_belajar: { sekolah_id: string; nama: string; kebutuhan_khusus_id: number; create_date: Date; last_update: Date; soft_delete: Decimal; last_sync: Date; ... 12 more ...; tanggal_selesai: Date; }; } & { ...; }'.
src/modules/mandala/mandala.service.ts(798,12): error TS2339: Property 'kecamatan' does not exist on type '{ rombongan_belajar: { sekolah_id: string; nama: string; kebutuhan_khusus_id: number; create_date: Date; last_update: Date; soft_delete: Decimal; last_sync: Date; ... 12 more ...; tanggal_selesai: Date; }; } & { ...; }'.
src/modules/mandala/mandala.service.ts(798,35): error TS2339: Property 'kecamatan' does not exist on type '{ rombongan_belajar: { sekolah_id: string; nama: string; kebutuhan_khusus_id: number; create_date: Date; last_update: Date; soft_delete: Decimal; last_sync: Date; ... 12 more ...; tanggal_selesai: Date; }; } & { ...; }'.
src/modules/mandala/mandala.service.ts(799,12): error TS2339: Property 'kabupaten_kota' does not exist on type '{ rombongan_belajar: { sekolah_id: string; nama: string; kebutuhan_khusus_id: number; create_date: Date; last_update: Date; soft_delete: Decimal; last_sync: Date; ... 12 more ...; tanggal_selesai: Date; }; } & { ...; }'.
src/modules/mandala/mandala.service.ts(800,12): error TS2339: Property 'provinsi' does not exist on type '{ rombongan_belajar: { sekolah_id: string; nama: string; kebutuhan_khusus_id: number; create_date: Date; last_update: Date; soft_delete: Decimal; last_sync: Date; ... 12 more ...; tanggal_selesai: Date; }; } & { ...; }'.
src/modules/mandala/mandala.service.ts(806,29): error TS2339: Property 'no_wa_ayah' does not exist on type '{ rombongan_belajar: { sekolah_id: string; nama: string; kebutuhan_khusus_id: number; create_date: Date; last_update: Date; soft_delete: Decimal; last_sync: Date; ... 12 more ...; tanggal_selesai: Date; }; } & { ...; }'.
src/modules/mandala/mandala.service.ts(806,46): error TS2339: Property 'no_wa_ibu' does not exist on type '{ rombongan_belajar: { sekolah_id: string; nama: string; kebutuhan_khusus_id: number; create_date: Date; last_update: Date; soft_delete: Decimal; last_sync: Date; ... 12 more ...; tanggal_selesai: Date; }; } & { ...; }'.
src/modules/mandala/mandala.service.ts(806,62): error TS2339: Property 'no_wa' does not exist on type '{ rombongan_belajar: { sekolah_id: string; nama: string; kebutuhan_khusus_id: number; create_date: Date; last_update: Date; soft_delete: Decimal; last_sync: Date; ... 12 more ...; tanggal_selesai: Date; }; } & { ...; }'.
src/modules/mandala/mandala.service.ts(818,21): error TS2551: Property 'agama_id_str' does not exist on type '{ rombongan_belajar: { sekolah_id: string; nama: string; kebutuhan_khusus_id: number; create_date: Date; last_update: Date; soft_delete: Decimal; last_sync: Date; ... 12 more ...; tanggal_selesai: Date; }; } & { ...; }'. Did you mean 'agama_id'?
src/modules/mandala/mandala.service.ts(819,40): error TS2551: Property 'jenis_pendaftaran_id_str' does not exist on type '{ rombongan_belajar: { sekolah_id: string; nama: string; kebutuhan_khusus_id: number; create_date: Date; last_update: Date; soft_delete: Decimal; last_sync: Date; ... 12 more ...; tanggal_selesai: Date; }; } & { ...; }'. Did you mean 'jenis_pendaftaran_id'?
src/modules/mandala/mandala.service.ts(822,27): error TS2339: Property 'nama_rombel' does not exist on type '{ rombongan_belajar: { sekolah_id: string; nama: string; kebutuhan_khusus_id: number; create_date: Date; last_update: Date; soft_delete: Decimal; last_sync: Date; ... 12 more ...; tanggal_selesai: Date; }; } & { ...; }'.
src/modules/mandala/mandala.service.ts(823,82): error TS2339: Property 'tingkat_pendidikan_id' does not exist on type '{ rombongan_belajar: { sekolah_id: string; nama: string; kebutuhan_khusus_id: number; create_date: Date; last_update: Date; soft_delete: Decimal; last_sync: Date; ... 12 more ...; tanggal_selesai: Date; }; } & { ...; }'.
src/modules/mandala/mandala.service.ts(829,24): error TS2339: Property 'nama_ibu' does not exist on type '{ rombongan_belajar: { sekolah_id: string; nama: string; kebutuhan_khusus_id: number; create_date: Date; last_update: Date; soft_delete: Decimal; last_sync: Date; ... 12 more ...; tanggal_selesai: Date; }; } & { ...; }'.
src/modules/presensi/presensi.service.ts(585,9): error TS2353: Object literal may only specify known properties, and 'nama_rombel' does not exist in type 'PesertaDidikSelect<DefaultArgs>'.
src/modules/presensi/presensi.service.ts(740,27): error TS2339: Property 'nama_rombel' does not exist on type '{ sekolah_id: string; nama: string; alamat_jalan: string; rt: Decimal; rw: Decimal; nama_dusun: string; desa_kelurahan: string; kode_wilayah: string; kode_pos: string; lintang: Decimal; ... 76 more ...; telegram_token: string; }'.
src/modules/presensi/presensi.service.ts(849,9): error TS2353: Object literal may only specify known properties, and 'nama_rombel' does not exist in type 'PesertaDidikSelect<DefaultArgs>'.
src/modules/presensi/presensi.service.ts(984,13): error TS2353: Object literal may only specify known properties, and 'nama_rombel' does not exist in type 'PesertaDidikSelect<DefaultArgs>'.
src/modules/presensi/presensi.service.ts(1004,16): error TS2339: Property 'gtk' does not exist on type '{ sekolah_id: string; created_at: Date; updated_at: Date; ptk_id: string; peserta_didik_id: string; keterangan: string; tanggal: Date; izin_id: string; jenis: number; disetujui: boolean; jam_keluar: Date; jam_kembali: Date; jam_kembali_estimasi: Date; }'.
src/modules/presensi/presensi.service.ts(1005,48): error TS2339: Property 'gtk' does not exist on type '{ sekolah_id: string; created_at: Date; updated_at: Date; ptk_id: string; peserta_didik_id: string; keterangan: string; tanggal: Date; izin_id: string; jenis: number; disetujui: boolean; jam_keluar: Date; jam_kembali: Date; jam_kembali_estimasi: Date; }'.
src/modules/spp/spp.service.ts(380,13): error TS2353: Object literal may only specify known properties, and 'nama_rombel' does not exist in type 'PesertaDidikSelect<DefaultArgs>'.
src/modules/spp/spp.service.ts(491,13): error TS2353: Object literal may only specify known properties, and 'nama_rombel' does not exist in type 'PesertaDidikSelect<DefaultArgs>'.
src/modules/spp/spp.service.ts(507,17): error TS2551: Property 'peserta_didik' does not exist on type '{ sekolah_id: string; created_at: Date; updated_at: Date; peserta_didik_id: string; status: number; pengaturan_tagihan_id: string; spp_id: string; nominal_tagihan: bigint; nominal_terbayar: bigint; jatuh_tempo: Date; }'. Did you mean 'peserta_didik_id'?
src/modules/spp/spp.service.ts(508,17): error TS2551: Property 'peserta_didik' does not exist on type '{ sekolah_id: string; created_at: Date; updated_at: Date; peserta_didik_id: string; status: number; pengaturan_tagihan_id: string; spp_id: string; nominal_tagihan: bigint; nominal_terbayar: bigint; jatuh_tempo: Date; }'. Did you mean 'peserta_didik_id'?
src/modules/spp/spp.service.ts(509,18): error TS2551: Property 'peserta_didik' does not exist on type '{ sekolah_id: string; created_at: Date; updated_at: Date; peserta_didik_id: string; status: number; pengaturan_tagihan_id: string; spp_id: string; nominal_tagihan: bigint; nominal_terbayar: bigint; jatuh_tempo: Date; }'. Did you mean 'peserta_didik_id'?
src/modules/spp/spp.service.ts(510,25): error TS2551: Property 'pengaturan_tagihan' does not exist on type '{ sekolah_id: string; created_at: Date; updated_at: Date; peserta_didik_id: string; status: number; pengaturan_tagihan_id: string; spp_id: string; nominal_tagihan: bigint; nominal_terbayar: bigint; jatuh_tempo: Date; }'. Did you mean 'pengaturan_tagihan_id'?
src/modules/spp/spp.service.ts(529,13): error TS2353: Object literal may only specify known properties, and 'nama_rombel' does not exist in type 'PesertaDidikSelect<DefaultArgs>'.
src/modules/spp/spp.service.ts(538,26): error TS2551: Property 'peserta_didik' does not exist on type '{ sekolah_id: string; created_at: Date; updated_at: Date; peserta_didik_id: string; status: number; pengaturan_tagihan_id: string; spp_id: string; nominal_tagihan: bigint; nominal_terbayar: bigint; jatuh_tempo: Date; }'. Did you mean 'peserta_didik_id'?
src/modules/spp/spp.service.ts(539,28): error TS2551: Property 'peserta_didik' does not exist on type '{ sekolah_id: string; created_at: Date; updated_at: Date; peserta_didik_id: string; status: number; pengaturan_tagihan_id: string; spp_id: string; nominal_tagihan: bigint; nominal_terbayar: bigint; jatuh_tempo: Date; }'. Did you mean 'peserta_didik_id'?
